// Jest Snapshot v1, https://goo.gl/fbAQLP

exports[`<Accordion> renders correct snapshot 1`] = `
<Accordion
  classes={Array []}
  defaultExpanded={false}
  disabled={false}
  provideContextToChildren={false}
>
  <div
    className="jsx-839250457 root"
  >
    <AccordionSummary
      classes={Array []}
      iconProps={Object {}}
      key=".0"
    >
      <div
        aria-expanded={false}
        className="jsx-3687637527 root"
        disabled={false}
        onClick={[Function]}
      >
        <div
          className="jsx-3687637527 content"
        />
        <JSXStyle
          dynamic={
            Array [
              "background-color 300ms cubic-bezier(0.4, 0, 0.2, 1), min-height 300ms cubic-bezier(0.4, 0, 0.2, 1)",
              "margin 300ms cubic-bezier(0.4, 0, 0.2, 1)",
              "transform 300ms cubic-bezier(0.4, 0, 0.2, 1)",
            ]
          }
          id="1644211938"
        />
      </div>
    </AccordionSummary>
    <Collapse
      classes={Array []}
      component="div"
      in={false}
    >
      <Transition
        appear={false}
        enter={true}
        exit={true}
        in={false}
        mountOnEnter={false}
        onEnter={[Function]}
        onEntered={[Function]}
        onEntering={[Function]}
        onExit={[Function]}
        onExited={[Function]}
        onExiting={[Function]}
        timeout={300}
        unmountOnExit={false}
      >
        <div
          className="jsx-2207988454 root exited"
        >
          <div>
            <div
              className="jsx-839250457"
            >
              <AccordionDetails
                key=".1"
              >
                <div
                  className="jsx-1644707333 root"
                />
                <JSXStyle
                  id="1644707333"
                />
              </AccordionDetails>
            </div>
          </div>
          <JSXStyle
            dynamic={
              Array [
                "height 300ms cubic-bezier(0.4, 0, 0.2, 1)",
              ]
            }
            id="4123931595"
          />
        </div>
      </Transition>
    </Collapse>
    <JSXStyle
      dynamic={
        Array [
          "margin 300ms cubic-bezier(0.4, 0, 0.2, 1)",
          "#ddd",
          "background-color 300ms cubic-bezier(0.4, 0, 0.2, 1), opacity 300ms cubic-bezier(0.4, 0, 0.2, 1)",
        ]
      }
      id="209282601"
    />
  </div>
</Accordion>
`;
