// Jest Snapshot v1, https://goo.gl/fbAQLP

exports[`AccordianDetails renders correct snapshot 1`] = `
<AccordionDetails>
  <div
    className="jsx-1644707333 root"
  />
  <JSXStyle
    id="1644707333"
  />
</AccordionDetails>
`;
