// Jest Snapshot v1, https://goo.gl/fbAQLP

exports[`<Avatar> default props sets correct default props 1`] = `
<withClasses(Avatar)>
  <Avatar
    classes={
      Array [
        "riipen",
        "riipen-avatar",
      ]
    }
    size="96px"
    variant="circle"
  >
    <span
      className="jsx-3881544049 avatar circle riipen riipen-avatar"
    >
      <span
        className="jsx-3881544049 inner"
      />
    </span>
    <JSXStyle
      dynamic={
        Array [
          "#eeeeee",
          "4px",
          "#fff",
          "Roboto, Helvetica, Arial, sans-serif",
          "96px",
          "96px",
          "96px",
          "96px",
          "96px",
          "96px",
          "4px",
        ]
      }
      id="4017156812"
    />
  </Avatar>
</withClasses(Avatar)>
`;
