// Jest Snapshot v1, https://goo.gl/fbAQLP

exports[`<Divider> renders correct snapshot 1`] = `
<withClasses(Divider)>
  <Divider
    classes={
      Array [
        "riipen",
        "riipen-divider",
      ]
    }
    variant="fullWidth"
  >
    <div
      className="jsx-1596250350 fullWidth riipen riipen-divider"
    />
    <JSXStyle
      dynamic={
        Array [
          "#ddd",
          8,
          8,
        ]
      }
      id="3816656998"
    />
  </Divider>
</withClasses(Divider)>
`;
