// Jest Snapshot v1, https://goo.gl/fbAQLP

exports[`<Form> renders correct snapshot 1`] = `
<withClasses(Form)>
  <Form
    classes={
      Array [
        "riipen",
        "riipen-form",
      ]
    }
    enter={true}
    errorScroll={true}
  >
    <form
      className="jsx-846642530 riipen riipen-form"
      onKeyPress={[Function]}
    />
    <JSXStyle
      id="846642530"
    />
    <JSXStyle
      dynamic={
        Array [
          25,
          15,
          10,
        ]
      }
      id="3642758217"
    />
  </Form>
</withClasses(Form)>
`;
