// Jest Snapshot v1, https://goo.gl/fbAQLP

exports[`<FormGroup> renders correct snapshot 1`] = `
<withClasses(FormGroup)>
  <FormGroup
    classes={
      Array [
        "riipen",
        "riipen-formgroup",
      ]
    }
  >
    <fieldset
      className="jsx-552593341 riipen riipen-formgroup"
    >
      <div
        className="jsx-552593341 children"
      />
    </fieldset>
    <JSXStyle
      dynamic={
        Array [
          40,
          20,
        ]
      }
      id="925181449"
    />
  </FormGroup>
</withClasses(FormGroup)>
`;
