// Jest Snapshot v1, https://goo.gl/fbAQLP

exports[`<GridItem> renders correct snapshot 1`] = `
<withClasses(GridItem)>
  <GridItem
    alignItems="stretch"
    classes={
      Array [
        "riipen",
        "riipen-griditem",
      ]
    }
    flexDirection="column"
    flexGrow={0}
    flexShrink={0}
    flexWrap="wrap"
    justifyContent="flex-start"
    lg={24}
    size="lg"
    spacing={3}
  >
    <div
      className="jsx-2673195509 riipen riipen-griditem lg"
    />
    <JSXStyle
      dynamic={
        Array [
          "stretch",
          "flex",
          "100%",
          "column",
          0,
          0,
          "wrap",
          "flex-start",
          12,
          12,
        ]
      }
      id="1025619962"
    />
  </GridItem>
</withClasses(GridItem)>
`;
