// Jest Snapshot v1, https://goo.gl/fbAQLP

exports[`<Menu> renders correct snapshot 1`] = `
<withClasses(Menu)>
  <Menu
    classes={
      Array [
        "riipen",
        "riipen-menu",
      ]
    }
    closeOnClick={true}
    color="primary"
    isOpen={true}
    keepOnScreen={false}
    popoverStyles={Object {}}
    variant="menu"
  >
    <withClasses(Popover)
      isOpen={true}
      keepOnScreen={false}
      lockScroll={false}
      styles={Object {}}
    >
      <Popover
        classes={
          Array [
            "riipen",
            "riipen-popover",
          ]
        }
        closeOnScrolled={true}
        component="span"
        fullWidth={false}
        isOpen={true}
        keepOnScreen={false}
        lockScroll={false}
        marginThreshold={16}
        styles={Object {}}
      >
        <JSXStyle
          dynamic={
            Array [
              "#fff",
              "4px",
              "0px 2px 4px -1px rgba(0,0,0,0.2),0px 4px 5px 0px rgba(0,0,0,0.14),0px 1px 10px 0px rgba(0,0,0,0.12)",
              "calc(100% - 32px)",
              "",
              3,
            ]
          }
          id="631859544"
        />
      </Popover>
    </withClasses(Popover)>
  </Menu>
</withClasses(Menu)>
`;
