// Jest Snapshot v1, https://goo.gl/fbAQLP

exports[`<Radio> renders correct snapshot 1`] = `
<withClasses(Radio)
  readOnly={true}
>
  <Radio
    checked={false}
    classes={
      Array [
        "riipen",
        "riipen-radio",
      ]
    }
    disabled={false}
    readOnly={true}
  >
    <div
      className="jsx-23639528 riipen riipen-radio"
    >
      <label
        className="jsx-23639528"
      >
        <input
          checked={false}
          className="jsx-23639528 jsx-835554889"
          disabled={false}
          readOnly={true}
          type="radio"
        />
        <withClasses(Typography)
          classes={
            Array [
              "jsx-835554889",
              undefined,
            ]
          }
        >
          <Typography
            classes={
              Array [
                "riipen",
                "riipen-typography",
                "jsx-835554889",
                undefined,
              ]
            }
            color="inherit"
            display="initial"
            gutter={false}
            mobileBreakpoint="sm"
            textAlign="inherit"
            textTransform="inherit"
            variant="body1"
          >
            <p
              className="jsx-358467856 root color-inherit initial mobile body1 align-inherit transform-inherit riipen riipen-typography jsx-835554889"
            >
              <JSXStyle
                dynamic={
                  Array [
                    "#cccbcb",
                    "#1f71ae",
                    "#f58632",
                  ]
                }
                id="3026427841"
              />
            </p>
            <JSXStyle
              dynamic={
                Array [
                  "#424242",
                  "Roboto, Helvetica, Arial, sans-serif",
                  400,
                  "16px",
                  "24px",
                  "0.00938em",
                  "#424242",
                  "Roboto, Helvetica, Arial, sans-serif",
                  400,
                  "14px",
                  "20px",
                  "0.01071em",
                  "#424242",
                  "Roboto, Helvetica, Arial, sans-serif",
                  400,
                  "12px",
                  "16px",
                  "0.01071em",
                  "#373737",
                  "Roboto, Helvetica, Arial, sans-serif",
                  500,
                  "40px",
                  "56px",
                  "-0.01562em",
                  "#373737",
                  "Roboto, Helvetica, Arial, sans-serif",
                  500,
                  "30px",
                  "44px",
                  "-0.00833em",
                  "#373737",
                  "Roboto, Helvetica, Arial, sans-serif",
                  500,
                  "22px",
                  "32px",
                  "0em",
                  "#373737",
                  "Roboto, Helvetica, Arial, sans-serif",
                  400,
                  "20px",
                  "28px",
                  "-0.00735em",
                  "#373737",
                  "Roboto, Helvetica, Arial, sans-serif",
                  400,
                  "16px",
                  "24px",
                  "0rem",
                  "#000",
                  "#cccbcb",
                  "#9a9a9a",
                  "#747474",
                  "#424242",
                  "#373737",
                  "#1f71ae",
                  "#f58632",
                  "#3caabb",
                  "#4cc88d",
                  "#e95353",
                  "#febb46",
                  "#fff",
                  700,
                  300,
                  500,
                  400,
                  480,
                  "14px",
                  "20px",
                  "12px",
                  "16px",
                  "11px",
                  "16px",
                  "30px",
                  "44px",
                  "22px",
                  "32px",
                  "18px",
                  "28px",
                  "16px",
                  "24px",
                  "14px",
                  "20px",
                ]
              }
              id="3367936398"
            />
          </Typography>
        </withClasses(Typography)>
        <span
          className="jsx-23639528 checkmark"
        />
      </label>
      <JSXStyle
        dynamic={
          Array [
            "#747474",
            20,
            "#fff",
            "#cccbcb",
            "#1f71ae",
            "#f58632",
            "#cccbcb",
            "#1f71ae",
            "#f58632",
            "#cccbcb",
          ]
        }
        id="1070945688"
      />
    </div>
  </Radio>
</withClasses(Radio)>
`;
