// Jest Snapshot v1, https://goo.gl/fbAQLP

exports[`<RadioGroup> renders correct snapshot 1`] = `
<withClasses(RadioGroup)>
  <RadioGroup
    classes={
      Array [
        "riipen",
        "riipen-radiogroup",
      ]
    }
  >
    <fieldset
      className="jsx-3241897731"
    />
    <JSXStyle
      id="3241897731"
    />
  </RadioGroup>
</withClasses(RadioGroup)>
`;
