// Jest Snapshot v1, https://goo.gl/fbAQLP

exports[`<Spinner> renders correct snapshot 1`] = `
<withClasses(Spinner)>
  <Spinner
    classes={
      Array [
        "riipen",
        "riipen-spinner",
      ]
    }
    variant="scale"
  >
    <withClasses(SpinnerScale)
      classes={
        Array [
          "riipen",
          "riipen-spinner",
        ]
      }
    >
      <SpinnerScale
        classes={
          Array [
            "riipen",
            "riipen-spinnerscale",
            "riipen",
            "riipen-spinner",
          ]
        }
        color="primary"
        height={40}
        margin={5}
        width={5}
      >
        <span
          className="riipen riipen-spinnerscale riipen riipen-spinner"
        >
          <span
            className="jsx-1199731182 root primary"
          />
          <JSXStyle
            dynamic={
              Array [
                0,
                40,
                5,
                5,
                "#1f71ae",
                "#f58632",
                "#3caabb",
              ]
            }
            id="4229317132"
          />
          <span
            className="jsx-429128145 root primary"
          />
          <JSXStyle
            dynamic={
              Array [
                0.1,
                40,
                5,
                5,
                "#1f71ae",
                "#f58632",
                "#3caabb",
              ]
            }
            id="4229317132"
          />
          <span
            className="jsx-824050226 root primary"
          />
          <JSXStyle
            dynamic={
              Array [
                0.2,
                40,
                5,
                5,
                "#1f71ae",
                "#f58632",
                "#3caabb",
              ]
            }
            id="4229317132"
          />
          <span
            className="jsx-2372031767 root primary"
          />
          <JSXStyle
            dynamic={
              Array [
                0.30000000000000004,
                40,
                5,
                5,
                "#1f71ae",
                "#f58632",
                "#3caabb",
              ]
            }
            id="4229317132"
          />
          <span
            className="jsx-286773236 root primary"
          />
          <JSXStyle
            dynamic={
              Array [
                0.4,
                40,
                5,
                5,
                "#1f71ae",
                "#f58632",
                "#3caabb",
              ]
            }
            id="4229317132"
          />
        </span>
      </SpinnerScale>
    </withClasses(SpinnerScale)>
  </Spinner>
</withClasses(Spinner)>
`;
