// Jest Snapshot v1, https://goo.gl/fbAQLP

exports[`<SpinnerPulse> renders correct snapshot 1`] = `
<withClasses(SpinnerPulse)>
  <SpinnerPulse
    classes={
      Array [
        "riipen",
        "riipen-spinnerpulse",
      ]
    }
    color="primary"
    margin={5}
    size={10}
  >
    <span
      className="riipen riipen-spinnerpulse"
    >
      <span
        className="jsx-4117070321 root primary"
      />
      <JSXStyle
        dynamic={
          Array [
            0,
            10,
            5,
            10,
            "#1f71ae",
            "#f58632",
            "#3caabb",
          ]
        }
        id="4072823428"
      />
      <span
        className="jsx-40703612 root primary"
      />
      <JSXStyle
        dynamic={
          Array [
            0.12,
            10,
            5,
            10,
            "#1f71ae",
            "#f58632",
            "#3caabb",
          ]
        }
        id="4072823428"
      />
      <span
        className="jsx-1373273305 root primary"
      />
      <JSXStyle
        dynamic={
          Array [
            0.24,
            10,
            5,
            10,
            "#1f71ae",
            "#f58632",
            "#3caabb",
          ]
        }
        id="4072823428"
      />
    </span>
  </SpinnerPulse>
</withClasses(SpinnerPulse)>
`;
