// Jest Snapshot v1, https://goo.gl/fbAQLP

exports[`<TableCell> renders correct snapshot 1`] = `
<ForwardRef(withForwardedRef(withClasses(Table)))>
  <withClasses(Table)
    forwardedRef={null}
  >
    <Table
      backgroundColor="grey50"
      classes={
        Array [
          "riipen",
          "riipen-table",
        ]
      }
      forwardedRef={null}
      layout="auto"
    >
      <table
        border="0"
        className="jsx-1059775881 riipen riipen-table"
      >
        <withClasses(TableBody)>
          <TableBody
            classes={
              Array [
                "riipen",
                "riipen-tablebody",
              ]
            }
          >
            <tbody
              classes="riipen riipen-tablebody"
            >
              <withClasses(TableRow)>
                <TableRow
                  border={true}
                  classes={
                    Array [
                      "riipen",
                      "riipen-tablerow",
                    ]
                  }
                  forceHover={false}
                >
                  <tr
                    className="jsx-4111142428 riipen riipen-tablerow"
                  >
                    <withClasses(TableCell)>
                      <TableCell
                        classes={
                          Array [
                            "riipen",
                            "riipen-tablecell",
                          ]
                        }
                        colSpan={1}
                        padding={3}
                        rowSpan={1}
                        textAlign="left"
                      >
                        <td
                          className="jsx-3771758953 riipen riipen-tablecell"
                          colSpan={1}
                          rowSpan={1}
                        />
                        <JSXStyle
                          dynamic={
                            Array [
                              "Roboto, Helvetica, Arial, sans-serif",
                              "14px",
                              400,
                              "0.01071em",
                              "20px",
                              12,
                              "left",
                            ]
                          }
                          id="498164393"
                        />
                      </TableCell>
                    </withClasses(TableCell)>
                  </tr>
                  <JSXStyle
                    dynamic={
                      Array [
                        "#ddd",
                        "#fff",
                        "#f58632",
                        "",
                        "",
                      ]
                    }
                    id="2808869914"
                  />
                </TableRow>
              </withClasses(TableRow)>
            </tbody>
          </TableBody>
        </withClasses(TableBody)>
      </table>
      <JSXStyle
        dynamic={
          Array [
            "#fafafa",
            "auto",
          ]
        }
        id="4123435624"
      />
    </Table>
  </withClasses(Table)>
</ForwardRef(withForwardedRef(withClasses(Table)))>
`;
