// Jest Snapshot v1, https://goo.gl/fbAQLP

exports[`<TableGeneratorRow> renders correct snapshot 1`] = `
<ForwardRef(withForwardedRef(withClasses(Table)))>
  <withClasses(Table)
    forwardedRef={null}
  >
    <Table
      backgroundColor="grey50"
      classes={
        Array [
          "riipen",
          "riipen-table",
        ]
      }
      forwardedRef={null}
      layout="auto"
    >
      <table
        border="0"
        className="jsx-1059775881 riipen riipen-table"
      >
        <withClasses(TableBody)>
          <TableBody
            classes={
              Array [
                "riipen",
                "riipen-tablebody",
              ]
            }
          >
            <tbody
              classes="riipen riipen-tablebody"
            >
              <withClasses(TableGeneratorRow)>
                <TableGeneratorRow
                  classes={
                    Array [
                      "riipen",
                      "riipen-tablegeneratorrow",
                    ]
                  }
                  columns={Array []}
                  data={Object {}}
                  hover={true}
                  isLastRow={false}
                  mobile={false}
                >
                  <withClasses(TableRow)
                    border={true}
                    forceHover={false}
                    onMouseEnter={[Function]}
                    onMouseLeave={[Function]}
                  >
                    <TableRow
                      border={true}
                      classes={
                        Array [
                          "riipen",
                          "riipen-tablerow",
                        ]
                      }
                      forceHover={false}
                      onMouseEnter={[Function]}
                      onMouseLeave={[Function]}
                    >
                      <tr
                        className="jsx-4111142428 riipen riipen-tablerow"
                        onMouseEnter={[Function]}
                        onMouseLeave={[Function]}
                      />
                      <JSXStyle
                        dynamic={
                          Array [
                            "#ddd",
                            "#fff",
                            "#f58632",
                            "",
                            "",
                          ]
                        }
                        id="2808869914"
                      />
                    </TableRow>
                  </withClasses(TableRow)>
                  <JSXStyle
                    dynamic={
                      Array [
                        "#f5f5f5",
                      ]
                    }
                    id="725096434"
                  />
                </TableGeneratorRow>
              </withClasses(TableGeneratorRow)>
            </tbody>
          </TableBody>
        </withClasses(TableBody)>
      </table>
      <JSXStyle
        dynamic={
          Array [
            "#fafafa",
            "auto",
          ]
        }
        id="4123435624"
      />
    </Table>
  </withClasses(Table)>
</ForwardRef(withForwardedRef(withClasses(Table)))>
`;
